
FirstName
--------------------------------------------------

(0 rows affected)

FirstName
--------------------------------------------------
Ken
Terri
Roberto
Rob
Gail
Jossef
Dylan
Diane
Gigi
Michael
Ovidiu
Thierry
Janice
Michael
Sharon
David
Kevin
John
Mary
Wanida
Terry
Sariya
Mary
Jill
James
Peter
Jo
Guy
Mark
Britta
Margie
Rebecca
Annik
Suchitra
Brandon
Jose
Chris
Kim
Ed
JoLynn
Bryan
James
Nancy
Simon
Thomas
Eugene
Andrew
Ruth
Barry
Sidney
Jeffrey
Doris
Diane
Bonnie
Taylor
Denise
Frank
Kendall
Bob
Pete
Diane
John
Maciej
Michael
Randy
Karan
Jay
Charles
Steve
David
Michael
Steven
Carole
Bjorn
Michiko
Carol
Merav
Reuben
Eric
Sandeep
Mihail
Jack
Patrick
Frank
Brian
Ryan
Cristian
Betsy
Patrick
Danielle
Kimberly
Tom
Kok-Ho
Russell
Jim
Elizabeth
Mandar
Sameer
Nuan
Lolan
Houman
Zheng
Ebru
Mary
Kevin
John
Christopher
Jinghao
Alice
Jun
Suroor
John
Linda
Mindaugas
Angela
Michael
Chad
Don
Michael
Kitti
Pilar
Susan
Vamsi
Kim
Matthias
Jimmy
David
Paul
Gary
Rob
Baris
Nicole
Michael
Eric
Ivo
Sylvester
Anibal
Samantha
Hung-Fu
Prasanna
Min
Olinda
Krishna
Paul
Cynthia
Jian Shuo
Sandra
Jason
Andy
Michael
Rostislav
Yuhong
Hanying
Raymond
Fadi
Lane
Linda
Shelley
Terrence
Jeff
Kirk
Laura
Alex
Andrew
Chris
Jack
David
Garrett
Susan
George
David
Marc
Eugene
Benjamin
Reed
David
Russell
John
Jan
Katie
Michael
Nitin
Barbara
John
Stefen
Shane
Yvonne
Douglas
Janeth
Robert
Lionel
Brenda
Alejandro
Fred
Kevin
Shammi
Rajesh
Lorraine
Paula
Frank
Brian
Tawana
Ken
Gabe
Lori
Stuart
Greg
Scott
Kathie
Belinda
Hazem
Peng
Sootha
Andreas
Mark
Sean
Zainal
Tengiz
Sean
Karen
Chris
A. Scott
Sairaj
William
Alan
Brian
Gary
Christian
Lori
Stuart
Jo
Pat
Magnus
Laura
Paula
Grant
Hao
Vidur
Mindy
Willis
David
Deborah
Candy
Bryan
Barbara
Dragan
Janet
Mike
Wendy
Sheela
Mikael
Arvind
Linda
Fukiko
Gordon
Frank
Eric
Erin
Ben
Annette
Reinout
David
Jean
Stephanie
Ashvini
Peter
Karen
Ramesh
Dan
François
Dan
Janaina
Brian

(273 rows affected)


Completion time: 2022-10-18T16:15:15.7534693+05:30
